Script started on 2020-04-26 14:56:51-04:00 [TERM="xterm" TTY="/dev/pts/1" COLUMNS="100" LINES="35"]
ctran20@remote00:~/i240a/submit/lab11$ ./cache-sim trace1.txt output.txtmake[K clean
rm -f *~ *.o balanced
ctran20@remote00:~/i240a/submit/lab11$ make
g++    -c -o balanced.o balanced.cc
g++ balanced.o -o balanced
ctran20@remote00:~/i240a/submit/lab11$ make clean./cache-sim trace1.txt output.txtmake[K./cache-sim trace1.txt output.txtmake clean[K[K[K./balanced '(' '[' '[' ']' ']' ')'
unbalanced at argument 7
ctran20@remote00:~/i240a/submit/lab11$ ./balanced '(' '[' '[' ']' ']' ')'make[K
g++    -c -o balanced.o balanced.cc
[01m[Kbalanced.cc:[m[K In function â€˜[01m[Kint Pop(int (&)[16], int, int)[m[Kâ€™:
[01m[Kbalanced.cc:44:6:[m[K [01;31m[Kerror: [m[Kâ€˜[01m[Ki[m[Kâ€™ was not declared in this scope
  arr[[01;31m[Ki[m[K] = 0;
      [01;31m[K^[m[K
make: *** [<builtin>: balanced.o] Error 1
ctran20@remote00:~/i240a/submit/lab11$ make
g++    -c -o balanced.o balanced.cc
g++ balanced.o -o balanced
ctran20@remote00:~/i240a/submit/lab11$ make./balanced '(' '[' '[' ']' ']' ')'
unbalanced at argument 7
ctran20@remote00:~/i240a/submit/lab11$ ^C
ctran20@remote00:~/i240a/submit/lab11$ exit

Script done on 2020-04-26 14:59:49-04:00 [COMMAND_EXIT_CODE="130"]
Script started on 2020-04-26 14:59:52-04:00 [TERM="xterm" TTY="/dev/pts/1" COLUMNS="100" LINES="35"]
ctran20@remote00:~/i240a/submit/lab11$ make clean
rm -f *~ *.o balanced
ctran20@remote00:~/i240a/submit/lab11$ make
g++    -c -o balanced.o balanced.cc
g++ balanced.o -o balanced
ctran20@remote00:~/i240a/submit/lab11$  ./balanced '(' '[' '[' ']' ']' ')'
ctran20@remote00:~/i240a/submit/lab11$ echo $?
0
ctran20@remote00:~/i240a/submit/lab11$ ./balanced '(' '[' '[' ']' ']' ']'
unbalanced at argument 6
ctran20@remote00:~/i240a/submit/lab11$ echo $?
1
ctran20@remote00:~/i240a/submit/lab11$ ./balanced '(' '<' '[' '{' '}' ']' '>' ')'
ctran20@remote00:~/i240a/submit/lab11$ echo $?
0
ctran20@remote00:~/i240a/submit/lab11$ ./balanced '(' ')' '[' ']'
ctran20@remote00:~/i240a/submit/lab11$ ./balanced '(' '<' '[' '{' '}' ']' '>'
ctran20@remote00:~/i240a/submit/lab11$ exit

Script done on 2020-04-26 15:01:20-04:00 [COMMAND_EXIT_CODE="0"]
Script started on 2020-04-26 15:08:28-04:00 [TERM="xterm" TTY="/dev/pts/1" COLUMNS="100" LINES="35"]
ctran20@remote00:~/i240a/submit/lab11$ make clean
rm -f *~ *.o balanced
ctran20@remote00:~/i240a/submit/lab11$ make
g++    -c -o balanced.o balanced.cc
g++ balanced.o -o balanced
ctran20@remote00:~/i240a/submit/lab11$ ./balanced '(' '[' '[' ']' ']' ')'
ctran20@remote00:~/i240a/submit/lab11$ echo $?
0
ctran20@remote00:~/i240a/submit/lab11$ ./balanced '(' '[' '[' ']' ']' ']'
unbalanced at argument 6
ctran20@remote00:~/i240a/submit/lab11$ echo $?
1
ctran20@remote00:~/i240a/submit/lab11$ ./balanced '(' '<' '[' '{' '}' ']' '>' ')'
ctran20@remote00:~/i240a/submit/lab11$ echo $?
0
ctran20@remote00:~/i240a/submit/lab11$ ./balanced '(' ')' '[' ']'
ctran20@remote00:~/i240a/submit/lab11$ ./balanced '(' '<' '[' '{' '}' ']' '>'
unbalanced at argument 7
ctran20@remote00:~/i240a/submit/lab11$ ./balanced '(' '@' ')'
invalid delimiter '@'
ctran20@remote00:~/i240a/submit/lab11$ exit

Script done on 2020-04-26 15:09:37-04:00 [COMMAND_EXIT_CODE="1"]
