Script started on 2020-01-23 11:56:04-05:00 [TERM="xterm-256color" TTY="/dev/pts/0" COLUMNS="80" LINES="24"]
bash: /home/umrigar/cs220/bin/student.rc: No such file or directory
ctran20@g7-05:~/tmp/lab0$ git commit -m 'submitted project5'add -A[Kcommit -m 'submitted project5'[C[C[C[C[C[C[C[C[C[C[C[C[C[C[C[C[C[C[C[C[C[C[C[C[C[C[Kgit commit -m 'submitted project5'add -A[Kvim README ls[K[K[Kscript =[K[K[K[K[K[K[K[Kla [K[Ks ~/.ssh
id_rsa	id_rsa.pub  known_hosts
ctran20@g7-05:~/tmp/lab0$ ssj[Kh-copy [K-id -i ctran2-[K0@rmote[K[K[K[Kemote
/usr/bin/ssh-copy-id: INFO: Source of key(s) to be installed: "/home/ctran20/.ssh/id_rsa.pub"
The authenticity of host 'remote (128.226.114.202)' can't be established.
ECDSA key fingerprint is SHA256:UEIh1TASIC96TC1hhxVbkVS0DrddNKHk7Q2nzgDCt+Y.
Are you sure you want to continue connecting (yes/no)? y
Please type 'yes' or 'no': yes
/usr/bin/ssh-copy-id: INFO: attempting to log in with the new key(s), to filter out any that are already installed
/usr/bin/ssh-copy-id: INFO: 1 key(s) remain to be installed -- if you are prompted now it is to install the new keys
ctran20@remote's password: 
/home/ctran20/.bashrc: line 1: /home/umrigar/cs220/bin/student.rc: No such file or directory

Number of key(s) added: 1

Now try logging into the machine, with:   "ssh 'ctran20@remote'"
and check to make sure that only the key(s) you wanted were added.

ctran20@g7-05:~/tmp/lab0$ ~/.profile
bash: /home/ctran20/.profile: Permission denied
ctran20@g7-05:~/tmp/lab0$ ~/.profile.
bash: /home/ctran20/.profile.: No such file or directory
ctran20@g7-05:~/tmp/lab0$ ~/.profile.[K[K[K[K[K[K[K[K[K[K[K.~umrigar/cs240/bin/student.profile
bash: .~umrigar/cs240/bin/student.profile: No such file or directory
ctran20@g7-05:~/tmp/lab0$ .~umrigar/cs240/bin/student.profile ~umrigar/cs240/bin/student.profile[C[C[C[C[C[C[C[C[C[C[C[C[C[C[C[C[C[C[C[C[C[C[C[C[C[C[C[C
bash: /home/umrigar/cs240/bin/student.profile: Permission denied
ctran20@g7-05:~/tmp/lab0$ . ~umrigar/cs240/bin/student.profile[1@~[1@/
bash: /home/ctran20/.: Is a directory
ctran20@g7-05:~/tmp/lab0$ ~/. ~umrigar/cs240/bin/student.profile[C[C[C[C[C[C[C[C[C[C[C[C[C[C[C[C[C[C[C[C[C[C[C[C[C[C[2P[C[C[C[C[C[C[C[C[C[C[C[C[C[C[C[C[C[C[C[C[C[C[C[C[C[C[C[C[C[C[C[C[C[C[C[C[K[K[K[K[K[K[K[K[K[K[K[K[K[K[K[K[K[K[K[K[K[K[K[K[K[K[K[K[K[K[K[K[K[K[K[Kls~[K ~.profile
ls: cannot access '~.profile': No such file or directory
ctran20@g7-05:~/tmp/lab0$ ls ~.profile[C/.profile
/home/ctran20/.profile
ctran20@g7-05:~/tmp/lab0$ ls
lab0.log
ctran20@g7-05:~/tmp/lab0$ cd
ctran20@g7-05:~$ ls
cs140  Desktop	  Downloads  i220a  Pictures  Templates  Videos
cs220  Documents  git-repos  Music  Public    tmp
ctran20@g7-05:~$ echo [3Plscdls ~/.profile[1P.profile~/. ~umrigar/cs240/bin/student.profile[C[C[C[C[C[C[C[C[C[C[C[C[C[C[C[C[C[2P[C[C[C[C[C[C[C[C[C[C[C[C[C[C[C[C[C[C[C[C[C[C[C[C[C[C[C[C[C[C[C[C[C[C[C[C[C[C[C[C[C[C[C[C[C[C[C[C[C[C[C[C[C[C[1P~umrigar/cs240/bin/student.profile[C[C[C[C[C[C[C[C[C[C[C[C[C[C[C[C[C~/.profile.[K[Kssh-copy-id -i ctran20@remote[C[C[C[C[C[C[C[C[C[C[C[C[C[C[C[C[C[19P~/.profile..~umrigar/cs240/bin/student.profile[C[C[C[C[C[C[C[C[C[C[C[C[C[C[C[C[C[C ~umrigar/cs240/bin/student.profile[1@e[1@h[1@o[1@ [1@c[C[C[C[1@'[C[C[C[C[C[C[C[C[C[C[C[C[C[C[C[C[C[C[C[C[C[C[C[C[C[C[C[C[C[C[C[C[C[C[C[C' > !/.profile[1P/.profile~/.profile
ctran20@g7-05:~$ echo '. ~umrigar/cs240/bin/student.profile' > ~/.profile[C[1P[1P[1P[1P[1P[1P[1P[1@r[1@c[C[C[C[C[C[C[C[C[C[C[C[C[C[C[K[K[K[K[K[K[Kbashrc
ctran20@g7-05:~$ ssh://user[K[K[K[Kctran20@remote.cs.binghamton.edu/~umrigar/git-repos/cs240.git
bash: ssh://ctran20@remote.cs.binghamton.edu/~umrigar/git-repos/cs240.git: No such file or directory
ctran20@g7-05:~$ ssh://ctran20@remote.cs.binghamton.edu/~umrigar/git-repos/cs240.git[K[K[K[K[A[C[C[C[C[C[C[C[C[C[C[C[C[C[C[C[C[C[C[C[C[C[C[C[C[C[C[C[C[C[C[C[C[C[C[C[C[C[C[C[C[C[C[C[C[C[C[C[C[C[C[C[C[C[C[C[C[C[C[C[C[C[C[C[C[C[C[C[C[C[C[C[C[C[C[C[C[C[C[C[K
[K[A[C[C[C[C[C[C[C[C[C[C[C[C[C[C[C[C[C[C[C[C[C[C[C[C[C[C[C[C[C[C[C[C[C[C[C[C[C[C[C[C[C[C[C[C[C[C[C[C[C[C[C[C[C[C[C[C[C[C[C[C[C[C[C[C[C[C[C[C[C[C[C[C[C[C[C[C[C[C[C[K[K[K[K[K[K[K[K[K[K[K[K[K[K[K[K[K[K[K[K[K[K[K[K[K[K[K[K[K[K[K[K[K[K[K[K[K[K[K[K[K[K[K[K[K[K[K[K[K[K[K[K[K[K[K[K[K[K[K[K[K[Kmkdir [K[K[K[K[K[Kls
cs140  Desktop	  Downloads  i220a  Pictures  Templates  Videos
cs220  Documents  git-repos  Music  Public    tmp
ctran20@g7-05:~$ mkdir -p~[K ~/projects
ctran20@g7-05:~$ cd ~/projects/
ctran20@g7-05:~/projects$ git clone cd ~/projects/mkdir -p ~/projectsls[Kssh://ctran20@remote.cs.binghamton.edu/~umrigar/git-repos/cs240.git[A[C[C[C[C[C[C[C[C[C[C[C[C[C[C[C[C[C[C[C[C[C[C[C[C[C[C[C[C[C[C[C[C[C[C[C[C[C[C[C[C[C[C[C[C[C[C[C[C[C[C[C[C[C[C[C[C[C[C[C[C[C[C[C[C[C[C[C[C[C[C[C[C[C[C[C[C[C[C[Cgssh://ctran20@remote.cs.binghamton.edu/~umrigar/git-repos/cs240.git[A[C[C[C[C[C[C[C[C[C[C[C[C[Cissh://ctran20@remote.cs.binghamton.edu/~umrigar/git-repos/cs240.git[A[C[C[C[C[C[C[C[C[C[C[C[C[Ctssh://ctran20@remote.cs.binghamton.edu/~umrigar/git-repos/cs240.git[A[C[C[C[C[C[C[C[C[C[C[C[C[C ssh://ctran20@remote.cs.binghamton.edu/~umrigar/git-repos/cs240.git[A[C[C[C[C[C[C[C[C[C[C[C[C[Ccssh://ctran20@remote.cs.binghamton.edu/~umrigar/git-repos/cs240.git[A[C[C[C[C[C[C[C[C[C[C[C[C[Clssh://ctran20@remote.cs.binghamton.edu/~umrigar/git-repos/cs240.git[A[C[C[C[C[C[C[C[C[C[C[C[C[Cossh://ctran20@remote.cs.binghamton.edu/~umrigar/git-repos/cs240.git[A[C[C[C[C[C[C[C[C[C[C[C[C[Cnssh://ctran20@remote.cs.binghamton.edu/~umrigar/git-repos/cs240.git[A[C[C[C[C[C[C[C[C[C[C[C[C[Cessh://ctran20@remote.cs.binghamton.edu/~umrigar/git-repos/cs240.git[A[C[C[C[C[C[C[C[C[C[C[C[C[C ssh://ctran20@remote.cs.binghamton.edu/~umrigar/git-repos/cs240.git[A[C[C[C[C[C[C[C[C[C[C[C[C[C

Cloning into 'cs240'...
/home/ctran20/.bashrc: line 1: /home/umrigar/cs240/bin/student.rc: Permission denied
remote: Enumerating objects: 203, done.[K
remote: Counting objects:   0% (1/203)   [Kremote: Counting objects:   1% (3/203)   [Kremote: Counting objects:   2% (5/203)   [Kremote: Counting objects:   3% (7/203)   [Kremote: Counting objects:   4% (9/203)   [Kremote: Counting objects:   5% (11/203)   [Kremote: Counting objects:   6% (13/203)   [Kremote: Counting objects:   7% (15/203)   [Kremote: Counting objects:   8% (17/203)   [Kremote: Counting objects:   9% (19/203)   [Kremote: Counting objects:  10% (21/203)   [Kremote: Counting objects:  11% (23/203)   [Kremote: Counting objects:  12% (25/203)   [Kremote: Counting objects:  13% (27/203)   [Kremote: Counting objects:  14% (29/203)   [Kremote: Counting objects:  15% (31/203)   [Kremote: Counting objects:  16% (33/203)   [Kremote: Counting objects:  17% (35/203)   [Kremote: Counting objects:  18% (37/203)   [Kremote: Counting objects:  19% (39/203)   [Kremote: Counting objects:  20% (41/203)   [Kremote: Counting objects:  21% (43/203)   [Kremote: Counting objects:  22% (45/203)   [Kremote: Counting objects:  23% (47/203)   [Kremote: Counting objects:  24% (49/203)   [Kremote: Counting objects:  25% (51/203)   [Kremote: Counting objects:  26% (53/203)   [Kremote: Counting objects:  27% (55/203)   [Kremote: Counting objects:  28% (57/203)   [Kremote: Counting objects:  29% (59/203)   [Kremote: Counting objects:  30% (61/203)   [Kremote: Counting objects:  31% (63/203)   [Kremote: Counting objects:  32% (65/203)   [Kremote: Counting objects:  33% (67/203)   [Kremote: Counting objects:  34% (70/203)   [Kremote: Counting objects:  35% (72/203)   [Kremote: Counting objects:  36% (74/203)   [Kremote: Counting objects:  37% (76/203)   [Kremote: Counting objects:  38% (78/203)   [Kremote: Counting objects:  39% (80/203)   [Kremote: Counting objects:  40% (82/203)   [Kremote: Counting objects:  41% (84/203)   [Kremote: Counting objects:  42% (86/203)   [Kremote: Counting objects:  43% (88/203)   [Kremote: Counting objects:  44% (90/203)   [Kremote: Counting objects:  45% (92/203)   [Kremote: Counting objects:  46% (94/203)   [Kremote: Counting objects:  47% (96/203)   [Kremote: Counting objects:  48% (98/203)   [Kremote: Counting objects:  49% (100/203)   [Kremote: Counting objects:  50% (102/203)   [Kremote: Counting objects:  51% (104/203)   [Kremote: Counting objects:  52% (106/203)   [Kremote: Counting objects:  53% (108/203)   [Kremote: Counting objects:  54% (110/203)   [Kremote: Counting objects:  55% (112/203)   [Kremote: Counting objects:  56% (114/203)   [Kremote: Counting objects:  57% (116/203)   [Kremote: Counting objects:  58% (118/203)   [Kremote: Counting objects:  59% (120/203)   [Kremote: Counting objects:  60% (122/203)   [Kremote: Counting objects:  61% (124/203)   [Kremote: Counting objects:  62% (126/203)   [Kremote: Counting objects:  63% (128/203)   [Kremote: Counting objects:  64% (130/203)   [Kremote: Counting objects:  65% (132/203)   [Kremote: Counting objects:  66% (134/203)   [Kremote: Counting objects:  67% (137/203)   [Kremote: Counting objects:  68% (139/203)   [Kremote: Counting objects:  69% (141/203)   [Kremote: Counting objects:  70% (143/203)   [Kremote: Counting objects:  71% (145/203)   [Kremote: Counting objects:  72% (147/203)   [Kremote: Counting objects:  73% (149/203)   [Kremote: Counting objects:  74% (151/203)   [Kremote: Counting objects:  75% (153/203)   [Kremote: Counting objects:  76% (155/203)   [Kremote: Counting objects:  77% (157/203)   [Kremote: Counting objects:  78% (159/203)   [Kremote: Counting objects:  79% (161/203)   [Kremote: Counting objects:  80% (163/203)   [Kremote: Counting objects:  81% (165/203)   [Kremote: Counting objects:  82% (167/203)   [Kremote: Counting objects:  83% (169/203)   [Kremote: Counting objects:  84% (171/203)   [Kremote: Counting objects:  85% (173/203)   [Kremote: Counting objects:  86% (175/203)   [Kremote: Counting objects:  87% (177/203)   [Kremote: Counting objects:  88% (179/203)   [Kremote: Counting objects:  89% (181/203)   [Kremote: Counting objects:  90% (183/203)   [Kremote: Counting objects:  91% (185/203)   [Kremote: Counting objects:  92% (187/203)   [Kremote: Counting objects:  93% (189/203)   [Kremote: Counting objects:  94% (191/203)   [Kremote: Counting objects:  95% (193/203)   [Kremote: Counting objects:  96% (195/203)   [Kremote: Counting objects:  97% (197/203)   [Kremote: Counting objects:  98% (199/203)   [Kremote: Counting objects:  99% (201/203)   [Kremote: Counting objects: 100% (203/203)   [Kremote: Counting objects: 100% (203/203), done.[K
remote: Compressing objects:   0% (1/194)   [Kremote: Compressing objects:   1% (2/194)   [Kremote: Compressing objects:   2% (4/194)   [Kremote: Compressing objects:   3% (6/194)   [Kremote: Compressing objects:   4% (8/194)   [Kremote: Compressing objects:   5% (10/194)   [Kremote: Compressing objects:   6% (12/194)   [Kremote: Compressing objects:   7% (14/194)   [Kremote: Compressing objects:   8% (16/194)   [Kremote: Compressing objects:   9% (18/194)   [Kremote: Compressing objects:  10% (20/194)   [Kremote: Compressing objects:  11% (22/194)   [Kremote: Compressing objects:  12% (24/194)   [Kremote: Compressing objects:  13% (26/194)   [Kremote: Compressing objects:  14% (28/194)   [Kremote: Compressing objects:  15% (30/194)   [Kremote: Compressing objects:  16% (32/194)   [Kremote: Compressing objects:  17% (33/194)   [Kremote: Compressing objects:  18% (35/194)   [Kremote: Compressing objects:  19% (37/194)   [Kremote: Compressing objects:  20% (39/194)   [Kremote: Compressing objects:  21% (41/194)   [Kremote: Compressing objects:  22% (43/194)   [Kremote: Compressing objects:  23% (45/194)   [Kremote: Compressing objects:  24% (47/194)   [Kremote: Compressing objects:  25% (49/194)   [Kremote: Compressing objects:  26% (51/194)   [Kremote: Compressing objects:  27% (53/194)   [Kremote: Compressing objects:  28% (55/194)   [Kremote: Compressing objects:  29% (57/194)   [Kremote: Compressing objects:  30% (59/194)   [Kremote: Compressing objects:  31% (61/194)   [Kremote: Compressing objects:  32% (63/194)   [Kremote: Compressing objects:  33% (65/194)   [Kremote: Compressing objects:  34% (66/194)   [Kremote: Compressing objects:  35% (68/194)   [Kremote: Compressing objects:  36% (70/194)   [Kremote: Compressing objects:  37% (72/194)   [Kremote: Compressing objects:  38% (74/194)   [Kremote: Compressing objects:  39% (76/194)   [Kremote: Compressing objects:  40% (78/194)   [Kremote: Compressing objects:  41% (80/194)   [Kremote: Compressing objects:  42% (82/194)   [Kremote: Compressing objects:  43% (84/194)   [Kremote: Compressing objects:  44% (86/194)   [Kremote: Compressing objects:  45% (88/194)   [Kremote: Compressing objects:  46% (90/194)   [Kremote: Compressing objects:  47% (92/194)   [Kremote: Compressing objects:  48% (94/194)   [Kremote: Compressing objects:  49% (96/194)   [Kremote: Compressing objects:  50% (97/194)   [Kremote: Compressing objects:  51% (99/194)   [Kremote: Compressing objects:  52% (101/194)   [Kremote: Compressing objects:  53% (103/194)   [Kremote: Compressing objects:  54% (105/194)   [Kremote: Compressing objects:  55% (107/194)   [Kremote: Compressing objects:  56% (109/194)   [Kremote: Compressing objects:  57% (111/194)   [Kremote: Compressing objects:  58% (113/194)   [Kremote: Compressing objects:  59% (115/194)   [Kremote: Compressing objects:  60% (117/194)   [Kremote: Compressing objects:  61% (119/194)   [Kremote: Compressing objects:  62% (121/194)   [Kremote: Compressing objects:  63% (123/194)   [Kremote: Compressing objects:  64% (125/194)   [Kremote: Compressing objects:  65% (127/194)   [Kremote: Compressing objects:  66% (129/194)   [Kremote: Compressing objects:  67% (130/194)   [Kremote: Compressing objects:  68% (132/194)   [Kremote: Compressing objects:  69% (134/194)   [Kremote: Compressing objects:  70% (136/194)   [Kremote: Compressing objects:  71% (138/194)   [Kremote: Compressing objects:  72% (140/194)   [Kremote: Compressing objects:  73% (142/194)   [Kremote: Compressing objects:  74% (144/194)   [Kremote: Compressing objects:  75% (146/194)   [Kremote: Compressing objects:  76% (148/194)   [Kremote: Compressing objects:  77% (150/194)   [Kremote: Compressing objects:  78% (152/194)   [Kremote: Compressing objects:  79% (154/194)   [Kremote: Compressing objects:  80% (156/194)   [Kremote: Compressing objects:  81% (158/194)   [Kremote: Compressing objects:  82% (160/194)   [Kremote: Compressing objects:  83% (162/194)   [Kremote: Compressing objects:  84% (163/194)   [Kremote: Compressing objects:  85% (165/194)   [Kremote: Compressing objects:  86% (167/194)   [Kremote: Compressing objects:  87% (169/194)   [Kremote: Compressing objects:  88% (171/194)   [Kremote: Compressing objects:  89% (173/194)   [Kremote: Compressing objects:  90% (175/194)   [Kremote: Compressing objects:  91% (177/194)   [Kremote: Compressing objects:  92% (179/194)   [Kremote: Compressing objects:  93% (181/194)   [Kremote: Compressing objects:  94% (183/194)   [Kremote: Compressing objects:  95% (185/194)   [Kremote: Compressing objects:  96% (187/194)   [Kremote: Compressing objects:  97% (189/194)   [Kremote: Compressing objects:  98% (191/194)   [Kremote: Compressing objects:  99% (193/194)   [Kremote: Compressing objects: 100% (194/194)   [Kremote: Compressing objects: 100% (194/194), done.[K
Receiving objects:   0% (1/203)   Receiving objects:   1% (3/203)   Receiving objects:   2% (5/203)   Receiving objects:   3% (7/203)   Receiving objects:   4% (9/203)   Receiving objects:   5% (11/203)   Receiving objects:   6% (13/203)   Receiving objects:   7% (15/203)   Receiving objects:   8% (17/203)   Receiving objects:   9% (19/203)   Receiving objects:  10% (21/203)   Receiving objects:  11% (23/203)   Receiving objects:  12% (25/203)   Receiving objects:  13% (27/203)   Receiving objects:  14% (29/203)   Receiving objects:  15% (31/203)   Receiving objects:  16% (33/203)   Receiving objects:  17% (35/203)   Receiving objects:  18% (37/203)   Receiving objects:  19% (39/203)   Receiving objects:  20% (41/203)   Receiving objects:  21% (43/203)   Receiving objects:  22% (45/203)   Receiving objects:  23% (47/203)   Receiving objects:  24% (49/203)   Receiving objects:  25% (51/203)   Receiving objects:  26% (53/203)   Receiving objects:  27% (55/203)   Receiving objects:  28% (57/203)   Receiving objects:  29% (59/203)   Receiving objects:  30% (61/203)   Receiving objects:  31% (63/203)   Receiving objects:  32% (65/203)   Receiving objects:  33% (67/203)   Receiving objects:  34% (70/203)   Receiving objects:  35% (72/203)   Receiving objects:  36% (74/203)   Receiving objects:  37% (76/203)   Receiving objects:  38% (78/203)   Receiving objects:  39% (80/203)   Receiving objects:  40% (82/203)   Receiving objects:  41% (84/203)   Receiving objects:  42% (86/203)   Receiving objects:  43% (88/203)   Receiving objects:  44% (90/203)   Receiving objects:  45% (92/203)   Receiving objects:  46% (94/203)   Receiving objects:  47% (96/203)   Receiving objects:  48% (98/203)   Receiving objects:  49% (100/203)   Receiving objects:  50% (102/203)   Receiving objects:  51% (104/203)   Receiving objects:  52% (106/203)   Receiving objects:  53% (108/203)   Receiving objects:  54% (110/203)   Receiving objects:  55% (112/203)   Receiving objects:  56% (114/203)   Receiving objects:  57% (116/203)   Receiving objects:  58% (118/203)   Receiving objects:  59% (120/203)   Receiving objects:  60% (122/203), 2.91 MiB | 5.79 MiB/s   Receiving objects:  61% (124/203), 2.91 MiB | 5.79 MiB/s   Receiving objects:  62% (126/203), 2.91 MiB | 5.79 MiB/s   Receiving objects:  63% (128/203), 2.91 MiB | 5.79 MiB/s   Receiving objects:  64% (130/203), 2.91 MiB | 5.79 MiB/s   Receiving objects:  65% (132/203), 2.91 MiB | 5.79 MiB/s   Receiving objects:  66% (134/203), 2.91 MiB | 5.79 MiB/s   Receiving objects:  67% (137/203), 2.91 MiB | 5.79 MiB/s   Receiving objects:  68% (139/203), 2.91 MiB | 5.79 MiB/s   Receiving objects:  69% (141/203), 2.91 MiB | 5.79 MiB/s   Receiving objects:  70% (143/203), 2.91 MiB | 5.79 MiB/s   Receiving objects:  71% (145/203), 2.91 MiB | 5.79 MiB/s   Receiving objects:  72% (147/203), 2.91 MiB | 5.79 MiB/s   Receiving objects:  73% (149/203), 2.91 MiB | 5.79 MiB/s   Receiving objects:  74% (151/203), 2.91 MiB | 5.79 MiB/s   Receiving objects:  75% (153/203), 2.91 MiB | 5.79 MiB/s   Receiving objects:  76% (155/203), 2.91 MiB | 5.79 MiB/s   Receiving objects:  77% (157/203), 2.91 MiB | 5.79 MiB/s   Receiving objects:  78% (159/203), 2.91 MiB | 5.79 MiB/s   Receiving objects:  79% (161/203), 2.91 MiB | 5.79 MiB/s   Receiving objects:  80% (163/203), 2.91 MiB | 5.79 MiB/s   Receiving objects:  81% (165/203), 2.91 MiB | 5.79 MiB/s   Receiving objects:  82% (167/203), 2.91 MiB | 5.79 MiB/s   Receiving objects:  83% (169/203), 2.91 MiB | 5.79 MiB/s   Receiving objects:  84% (171/203), 2.91 MiB | 5.79 MiB/s   Receiving objects:  85% (173/203), 2.91 MiB | 5.79 MiB/s   remote: Total 203 (delta 84), reused 0 (delta 0)[K
Receiving objects:  86% (175/203), 2.91 MiB | 5.79 MiB/s   Receiving objects:  87% (177/203), 2.91 MiB | 5.79 MiB/s   Receiving objects:  88% (179/203), 2.91 MiB | 5.79 MiB/s   Receiving objects:  89% (181/203), 2.91 MiB | 5.79 MiB/s   Receiving objects:  90% (183/203), 2.91 MiB | 5.79 MiB/s   Receiving objects:  91% (185/203), 2.91 MiB | 5.79 MiB/s   Receiving objects:  92% (187/203), 2.91 MiB | 5.79 MiB/s   Receiving objects:  93% (189/203), 2.91 MiB | 5.79 MiB/s   Receiving objects:  94% (191/203), 2.91 MiB | 5.79 MiB/s   Receiving objects:  95% (193/203), 2.91 MiB | 5.79 MiB/s   Receiving objects:  96% (195/203), 2.91 MiB | 5.79 MiB/s   Receiving objects:  97% (197/203), 2.91 MiB | 5.79 MiB/s   Receiving objects:  98% (199/203), 2.91 MiB | 5.79 MiB/s   Receiving objects:  99% (201/203), 2.91 MiB | 5.79 MiB/s   Receiving objects: 100% (203/203), 2.91 MiB | 5.79 MiB/s   Receiving objects: 100% (203/203), 3.04 MiB | 5.94 MiB/s, done.
Resolving deltas:   0% (0/84)   Resolving deltas:   1% (1/84)   Resolving deltas:   2% (2/84)   Resolving deltas:   7% (6/84)   Resolving deltas:   9% (8/84)   Resolving deltas:  10% (9/84)   Resolving deltas:  13% (11/84)   Resolving deltas:  14% (12/84)   Resolving deltas:  17% (15/84)   Resolving deltas:  19% (16/84)   Resolving deltas:  39% (33/84)   Resolving deltas:  45% (38/84)   Resolving deltas:  46% (39/84)   Resolving deltas:  47% (40/84)   Resolving deltas:  51% (43/84)   Resolving deltas:  54% (46/84)   Resolving deltas:  55% (47/84)   Resolving deltas:  60% (51/84)   Resolving deltas:  61% (52/84)   Resolving deltas:  64% (54/84)   Resolving deltas:  65% (55/84)   Resolving deltas:  66% (56/84)   Resolving deltas:  71% (60/84)   Resolving deltas:  72% (61/84)   Resolving deltas:  79% (67/84)   Resolving deltas:  82% (69/84)   Resolving deltas:  83% (70/84)   Resolving deltas:  84% (71/84)   Resolving deltas:  85% (72/84)   Resolving deltas:  86% (73/84)   Resolving deltas:  89% (75/84)   Resolving deltas:  98% (83/84)   Resolving deltas: 100% (84/84)   Resolving deltas: 100% (84/84), done.
ctran20@g7-05:~/projects$ cd ~
ctran20@g7-05:~$ ln -s projects/cs240/
ctran20@g7-05:~$ ls
cs140  cs240	Documents  git-repos  Music	projects  Templates  Videos
cs220  Desktop	Downloads  i220a      Pictures	Public	  tmp
ctran20@g7-05:~$ lsn -s projects/cs240/[C[C[C[C[C[C[C[C[C[C[C[C[C[C[C[C[C[Cs[K[Kpro[K[K[Kcd projects/
ctran20@g7-05:~/projects$ ls
cs240
ctran20@g7-05:~/projects$ cd ..
ctran20@g7-05:~$ ls
cs140  cs240	Documents  git-repos  Music	projects  Templates  Videos
cs220  Desktop	Downloads  i220a      Pictures	Public	  tmp
ctran20@g7-05:~$ cd cs240
ctran20@g7-05:~/cs240$ ls
announce.html  docs	      hws	  labs	    README.md
announce.umt   exams-quizzes  index.html  misc	    slides
assets	       exercises      index.umt   projects  umt.make
ctran20@g7-05:~/cs240$ cd ..
ctran20@g7-05:~$ ;s[K[Kclear
[H[2J[3Jctran20@g7-05:~$ cd ~/git-repos/cs220/[K[K[K[K1[K240
bash: cd: /home/ctran20/git-repos/cs240: No such file or directory
ctran20@g7-05:~$ EDITOR=YOUR_FAVORITE_EDITOR crontab -e[1P[1P[1P[1P[1P[1P[1P[1P[1P[1P[1P[1P[1P[1P[1P[1P[1P[1P[1P[1P[1P[1P[1P[1P[1P[1P[1P[C[C[C[C[C[C[C[C[C[C[C[K[K[K[K[K[K[K[K[K[K[Kcd ~/git-repos/cs240[C[C[C[C[C[C[C[C[C[C[C[C[C[C[C[C[C[KEDITOR=YOUR_FAVORITE_EDITOR crontab -e
crontabs: No such file or directory
ctran20@g7-05:~$ cat ~/.ssh/id_rsa.pub
ssh-rsa AAAAB3NzaC1yc2EAAAADAQABAAABAQDWt2vVEq02OjXe1H5nbOTldern1/oyjhewCPvG6UrPHXjA++0Cpw+iORRxrLi8ovj9LYgrq/ORFn6/2SnseqO7xBMcW/n4pr0oq4ydZXZLnbGlodz4U2BxAl5E0kgMSh/02jmc0Qzji6BgjyT4/wm8soZp+YEmoDKiUxaLApwEak3THq5NMJ7uJVVzKm9H4uqEbK/DhmTAx/bWK5k/WwUSxLYga1Fsvr6ni/yfZfI+o7Ejm25q6HAq8EUKB35lQuS8bEPdu3pNmsf/0prrfKCWv3EcMv2TbnUkl1/FyUe6IRH4M7kWcXXRGt4oUcrJTrXr7b0jYUjYa7oIoaeg1Ob3 ctran20@g7-13
ctran20@g7-05:~$ mk -p ~/projects/
bash: mk: command not found
ctran20@g7-05:~$ mk -p ~/projects/[C[1@d[1@i[1@r
ctran20@g7-05:~$ cd ~pr[K[K/projects/
ctran20@g7-05:~/projects$ git clone https://github.com/ctran20/i240a.git
Cloning into 'i240a'...
Username for 'https://github.com': BuDM$7IIx12@            ctran20@binghamton.edu
Password for 'https://ctran20@binghamton.edu@github.com': 
remote: Enumerating objects: 4, done.[K
remote: Counting objects:  25% (1/4)[Kremote: Counting objects:  50% (2/4)[Kremote: Counting objects:  75% (3/4)[Kremote: Counting objects: 100% (4/4)[Kremote: Counting objects: 100% (4/4), done.[K
remote: Compressing objects:  33% (1/3)[Kremote: Compressing objects:  66% (2/3)[Kremote: Compressing objects: 100% (3/3)[Kremote: Compressing objects: 100% (3/3), done.[K
remote: Total 4 (delta 0), reused 0 (delta 0), pack-reused 0[K
Unpacking objects:  25% (1/4)   Unpacking objects:  50% (2/4)   Unpacking objects:  75% (3/4)   Unpacking objects: 100% (4/4)   Unpacking objects: 100% (4/4), done.
ctran20@g7-05:~/projects$ cd ~
ctran20@g7-05:~$ ln -s ~proxy/[K[K[Kj[K[K[K[K/projects/i240a .
ctran20@g7-05:~$ ls
cs140  cs240	Documents  git-repos  i240a  Pictures  Public	  tmp
cs220  Desktop	Downloads  i220a      Music  projects  Templates  Videos
ctran20@g7-05:~$ cd i23[K40a
ctran20@g7-05:~/i240a$ ls
README.md
ctran20@g7-05:~/i240a$ git status
On branch master
Your branch is up to date with 'origin/master'.

nothing to commit, working tree clean
ctran20@g7-05:~/i240a$ git status -s
ctran20@g7-05:~/i240a$ git commit -a -, 'Some [K[K[K[K[K[K[K[K,[Km 'SOME COMMIT MSH[KG'
On branch master
Your branch is up to date with 'origin/master'.

nothing to commit, working tree clean
ctran20@g7-05:~/i240a$ gt[Kit push
Username for 'https://github.com': ctran20  20
Password for 'https://ctran20@github.com': 
Everything up-to-date
ctran20@g7-05:~/i240a$ ls
README.md
ctran20@g7-05:~/i240a$ ls -dl ~c[K.[K/cs240 ~i240a[C/i240a
lrwxrwxrwx 1 ctran20 ctran20 15 Jan 23 12:13 /home/ctran20/cs240 -> projects/cs240/
lrwxrwxrwx 1 ctran20 ctran20 28 Jan 23 12:25 /home/ctran20/i240a -> /home/ctran20/projects/i240a
ctran20@g7-05:~/i240a$ ls -l ~/.ssh ~cs240[K[K[K[K[K/cs240 ~/i240a
lrwxrwxrwx 1 ctran20 ctran20 15 Jan 23 12:13 /home/ctran20/cs240 -> projects/cs240/
lrwxrwxrwx 1 ctran20 ctran20 28 Jan 23 12:25 /home/ctran20/i240a -> /home/ctran20/projects/i240a

/home/ctran20/.ssh:
total 20
-rw------- 1 ctran20 ctran20  395 Jan 23 11:58 authorized_keys
-rw------- 1 ctran20 ctran20 1823 Aug 29 10:20 id_rsa
-rw-r--r-- 1 ctran20 ctran20  395 Aug 29 10:20 id_rsa.pub
-rw-r--r-- 1 ctran20 ctran20 5314 Jan 23 11:58 known_hosts
ctran20@g7-05:~/i240a$ cs[Kd ~/i240a
ctran20@g7-05:~/i240a$ git cgecko[K[K[K[K[Kheckout -b lab0
Switched to a new branch 'lab0'
ctran20@g7-05:~/i240a$ mkdir -p sumbi[K[K[Kbmit
ctran20@g7-05:~/i240a$ exit

Script done on 2020-01-23 12:29:47-05:00 [COMMAND_EXIT_CODE="0"]
