Script done on 2020-02-26 21:47:05-05:00 [COMMAND_EXIT_CODE="0"]
Script started on 2020-02-26 21:48:09-05:00 [TERM="xterm" TTY="/dev/pts/4" COLUMNS="100" LINES="35"]
bash: /home/umrigar/cs240/bin/student.rc: Permission denied
ctran20@remote03:~/i240a/submit/lab5$ cd ezx[K[Kxercises/
ctran20@remote03:~/i240a/submit/lab5/exercises$ cd 1-animal/
ctran20@remote03:~/i240a/submit/lab5/exercises/1-animal$ ./main 
bessie eats grass
bossy eats grass
fido eats meat
fluffy eats fish
rufus eats meat
simba eats fish
ctran20@remote03:~/i240a/submit/lab5$ cd exercises/2-expr/
ctran20@remote03:~/i240a/submit/lab5/exercises/2-expr$ cd exercises/2-expr/./main  "+ + + / 22  6 * 5 3 - 2 5 * 3 5"[2P"+ 1 2" "- 3 4" "* 5 6" "/ 77 8"[Kmake -f ../Makefile
g++ -MT main.o -MMD -MP -MF .deps/main.d -g -Wall -std=c++17 -c main.cc
g++ tostring.o main.o parse.o expr.o -o main
cat </dev/null >.gitignore
echo .deps >.gitignore
for t in main tostring.o main.o parse.o expr.o; do echo $t >>.gitignore; done
ctran20@remote03:~/i240a/submit/lab5/exercises/2-expr$ make -f ../Makefile
g++ -MT main.o -MMD -MP -MF .deps/main.d -g -Wall -std=c++17 -c main.cc
g++ tostring.o main.o parse.o expr.o -o main
cat </dev/null >.gitignore
echo .deps >.gitignore
for t in main tostring.o main.o parse.o expr.o; do echo $t >>.gitignore; done
ctran20@remote03:~/i240a/submit/lab5/exercises/2-expr$ ./main  "+ + + / 22  6 * 5 3 - 2 5 * 3 5"
22 6 / 5 3 * + 2 5 - + 3 5 * + p c
ctran20@remote03:~/i240a/submit/lab5/exercises/2-expr$ ./main "- 3 2" "* + 1 2 5" | dc
1
15
ctran20@remote03:~/i240a/submit/lab5/exercises/2-expr$ ./main  "+ + + / 22  6 * 5 3 - 2 5 * 3 5" | dc
30
ctran20@remote03:~/i240a/submit/lab5/exercises/2-expr$ cd ..
ctran20@remote03:~/i240a/submit/lab5/exercises$ cd ..
ctran20@remote03:~/i240a/submit/lab5$ ks
bash: ks: command not found
ctran20@remote03:~/i240a/submit/lab5$ ls
exercises  lab5.log
ctran20@remote03:~/i240a/submit/lab5$ exit

Script done on 2020-02-26 21:47:05-05:00 [COMMAND_EXIT_CODE="0"]